../Core/Src/gps.c:13:6:gps_main	8	static
../Core/Src/gps.c:37:6:gps_uart_process	8	static
../Core/Src/gps.c:60:9:gps_uart_nmea_getAddressLen	24	static
../Core/Src/gps.c:67:6:gps_uart_msg_processMulti	16	static
../Core/Src/gps.c:80:9:gps_uart_msg_packStruct	32	static
../Core/Src/gps.c:115:6:gps_uart_msg_fillData	32	static
../Core/Src/gps.c:126:6:gps_uart_msg_fillLatLong	16	static
../Core/Src/gps.c:133:6:gps_uart_msg_packGSA	24	static
../Core/Src/gps.c:163:6:gps_uart_msg_packFixType	24	static
../Core/Src/gps.c:179:6:gps_uart_rxComplete	16	static
../Core/Src/gps.c:188:6:gps_msg_process	4	static
